// Jest Snapshot v1, https://goo.gl/fbAQLP

exports[`SNAPSHOT TEST MessageAvatar MessageAvatar renders correctly 1`] = `"<div style=\\"height: 30px; width: 40px; padding: 3px; border-radius: 30px; background-color: darkSmoke; border-style: solid; border-width: 2px; display: flex; justify-content: center; align-items: center; color: #009688; border-color: #80cbc4;\\"><div>A</div></div>"`;
