// Jest Snapshot v1, https://goo.gl/fbAQLP

exports[`MessagesViewScroller renders correctly 1`] = `"<div style=\\"transform: rotate(180deg); height: 85%; background-color: #edeff2; overflow: scroll; width: 100%;\\"><div style=\\"transform: rotate(180deg);\\"></div></div>"`;
