// Jest Snapshot v1, https://goo.gl/fbAQLP

exports[`MessagesViewScroller renders correctly 1`] = `"<div name=\\"msgViewScroller\\" style=\\"background-color: #edeff2; overflow: auto; width: 100%; height: 100%;\\"></div>"`;
