// Jest Snapshot v1, https://goo.gl/fbAQLP

exports[`SNAPSHOT TEST FirstMessage component snapshot Message local renders correctly 1`] = `"<div style=\\"display: flex; align-items: center;\\"><div style=\\"background-color: #FFECB3; padding: 5px; margin: 2px; border-radius: 15px; border-color: #9E9E9E; border-style: solid; border-width: 2px; max-width: 100%; word-wrap: break-word; word-break: break-all; min-width: 30%;\\"><div>First Message</div><div style=\\"font-size: 10px; padding-top: 2px; text-align: end;\\"><i style=\\"background-color: #efebe9;\\">11:46:00 AM</i></div></div></div>"`;

exports[`SNAPSHOT TEST FirstMessage component snapshot Message remote renders correctly 1`] = `"<div style=\\"display: flex; align-items: center;\\"><div style=\\"height: 30px; width: 40px; padding: 3px; border-radius: 30px; background-color: darkSmoke; border-style: solid; border-width: 2px; display: flex; justify-content: center; align-items: center; color: #009688; border-color: #80cbc4;\\"><div>M</div></div><div style=\\"background-color: #FFECB3; padding: 5px; margin: 2px; border-radius: 15px; border-color: #9E9E9E; border-style: solid; border-width: 2px; max-width: 100%; word-wrap: break-word; word-break: break-all; min-width: 30%;\\"><div>First Message</div><div style=\\"font-size: 10px; padding-top: 2px; text-align: end;\\"><i style=\\"background-color: #efebe9;\\">11:46:00 AM</i></div></div></div>"`;
