// Jest Snapshot v1, https://goo.gl/fbAQLP

exports[`SNAPSHOT TEST MessageObjectMapper MessageObjectMapper renders correctly 1`] = `"<div><div style=\\"display: flex;\\"><div style=\\"flex: 1;\\"><hr /></div><div>9/25/2019</div><div style=\\"flex: 1;\\"><hr /></div></div><div style=\\"display: flex; justify-content: flex-end;\\"><div style=\\"display: flex; align-items: center;\\"><div style=\\"background-color: #FFECB3; padding: 5px; margin: 2px; border-radius: 15px; border-color: #9E9E9E; border-style: solid; border-width: 2px; max-width: 100%; word-wrap: break-word; word-break: break-all; min-width: 30%;\\"><div>hello</div><div style=\\"font-size: 10px; padding-top: 2px; text-align: end;\\"><i style=\\"background-color: #efebe9;\\">11:46:00 AM</i></div></div></div></div></div>"`;
