// Jest Snapshot v1, https://goo.gl/fbAQLP

exports[`MessageDateLine component snapshot renders correctly 1`] = `"<div style=\\"display: flex;\\"><div style=\\"flex: 1;\\"><hr /></div><div>9/25/2019</div><div style=\\"flex: 1;\\"><hr /></div></div>"`;
